# name/game/hands/seed test ./DeepStack-Leduc/ACPCServer/leduc.game 100 4
#--t_response 600000
#--t_hand 600000
#--t_per_hand 7000
STATE:0:cr300f:Ks|As:-100|100:test|test
STATE:1:r1200f:As|Ks:100|-100:test|test
STATE:2:cc/r300f:As|Kh/Ah:100|-100:test|test
STATE:3:cr300f:Qs|As:-100|100:test|test
STATE:4:cr300r1200f:As|Qs:300|-300:test|test
STATE:5:cr300f:Kh|Ah:-100|100:test|test
STATE:6:cr300c/r1200c:Qh|Ah/Ks:-1200|1200:test|test
STATE:7:r1200f:Ah|Qs:100|-100:test|test
STATE:8:r1200f:Ah|Ks:100|-100:test|test
STATE:9:cc/cr300f:Ah|Ks/Kh:-100|100:test|test
STATE:10:cr300f:Qs|As:-100|100:test|test
STATE:11:r1200f:Qs|Ks:100|-100:test|test
STATE:12:cr300f:Ks|Ah:-100|100:test|test
